127.0.0.1 - - [20/Sep/2021:11:27:05 +0530] "GET / HTTP/1.1" 404 751
0:0:0:0:0:0:0:1 - - [20/Sep/2021:11:27:20 +0530] "GET /DemoApp/add?num1=1&num2=2 HTTP/1.1" 302 -
0:0:0:0:0:0:0:1 - - [20/Sep/2021:11:27:20 +0530] "GET /DemoApp/sq?k3 HTTP/1.1" 500 1223
0:0:0:0:0:0:0:1 - - [20/Sep/2021:11:27:20 +0530] "GET /favicon.ico HTTP/1.1" 404 762
0:0:0:0:0:0:0:1 - - [20/Sep/2021:11:27:28 +0530] "GET /DemoApp/sq?k HTTP/1.1" 500 1368
127.0.0.1 - - [20/Sep/2021:12:03:40 +0530] "GET / HTTP/1.1" 404 751
0:0:0:0:0:0:0:1 - - [20/Sep/2021:12:03:45 +0530] "GET /DemoApp/sq?k HTTP/1.1" 500 1368
0:0:0:0:0:0:0:1 - - [20/Sep/2021:12:03:46 +0530] "GET /DemoApp/sq?k HTTP/1.1" 500 1368
0:0:0:0:0:0:0:1 - - [20/Sep/2021:12:03:52 +0530] "GET /DemoApp/ HTTP/1.1" 304 -
0:0:0:0:0:0:0:1 - - [20/Sep/2021:12:03:55 +0530] "GET /DemoApp/add?num1=2&num2=3 HTTP/1.1" 302 -
0:0:0:0:0:0:0:1 - - [20/Sep/2021:12:03:55 +0530] "GET /DemoApp/sq?k=5 HTTP/1.1" 200 16
0:0:0:0:0:0:0:1 - - [20/Sep/2021:12:25:59 +0530] "GET /DemoApp/add?num1=5&num2=5 HTTP/1.1" 302 -
0:0:0:0:0:0:0:1 - - [20/Sep/2021:12:25:59 +0530] "GET /DemoApp/sq10 HTTP/1.1" 404 767
0:0:0:0:0:0:0:1 - - [20/Sep/2021:12:26:17 +0530] "GET /DemoApp/sq10 HTTP/1.1" 404 767
0:0:0:0:0:0:0:1 - - [20/Sep/2021:12:26:20 +0530] "GET /DemoApp/add?num1=5&num2=5 HTTP/1.1" 302 -
0:0:0:0:0:0:0:1 - - [20/Sep/2021:12:26:20 +0530] "GET /DemoApp/sq HTTP/1.1" 500 1416
0:0:0:0:0:0:0:1 - - [20/Sep/2021:12:26:22 +0530] "GET /DemoApp/sq HTTP/1.1" 500 1416
0:0:0:0:0:0:0:1 - - [20/Sep/2021:12:26:25 +0530] "GET /DemoApp/add?num1=5&num2=5 HTTP/1.1" 302 -
0:0:0:0:0:0:0:1 - - [20/Sep/2021:12:26:25 +0530] "GET /DemoApp/sq HTTP/1.1" 500 1416
127.0.0.1 - - [20/Sep/2021:12:27:23 +0530] "GET / HTTP/1.1" 404 751
0:0:0:0:0:0:0:1 - - [20/Sep/2021:12:27:27 +0530] "GET /DemoApp/add?num1=5&num2=5 HTTP/1.1" 302 -
0:0:0:0:0:0:0:1 - - [20/Sep/2021:12:27:27 +0530] "GET /DemoApp/sq HTTP/1.1" 500 1416
0:0:0:0:0:0:0:1 - - [20/Sep/2021:12:29:26 +0530] "GET /DemoApp/add?num1=5&num2=5 HTTP/1.1" 302 -
0:0:0:0:0:0:0:1 - - [20/Sep/2021:12:29:26 +0530] "GET /DemoApp/sq HTTP/1.1" 200 17
0:0:0:0:0:0:0:1 - - [20/Sep/2021:12:39:48 +0530] "GET /DemoApp/add?num1=5&num2=5 HTTP/1.1" 302 -
0:0:0:0:0:0:0:1 - - [20/Sep/2021:12:39:48 +0530] "GET /DemoApp/sq HTTP/1.1" 200 17
127.0.0.1 - - [20/Sep/2021:12:53:14 +0530] "GET / HTTP/1.1" 404 751
0:0:0:0:0:0:0:1 - - [20/Sep/2021:12:53:42 +0530] "GET /DemoApp/ HTTP/1.1" 200 299
0:0:0:0:0:0:0:1 - - [20/Sep/2021:12:53:48 +0530] "GET /DemoApp/home HTTP/1.1" 404 767
0:0:0:0:0:0:0:1 - - [20/Sep/2021:12:55:16 +0530] "GET /DemoApp/home HTTP/1.1" 404 767
0:0:0:0:0:0:0:1 - - [20/Sep/2021:12:55:17 +0530] "GET /DemoApp/home HTTP/1.1" 404 767
0:0:0:0:0:0:0:1 - - [20/Sep/2021:12:55:17 +0530] "GET /DemoApp/home HTTP/1.1" 404 767
0:0:0:0:0:0:0:1 - - [20/Sep/2021:12:55:20 +0530] "GET /DemoApp/ HTTP/1.1" 200 299
0:0:0:0:0:0:0:1 - - [20/Sep/2021:12:55:25 +0530] "GET /DemoApp/home HTTP/1.1" 404 767
127.0.0.1 - - [20/Sep/2021:12:56:34 +0530] "GET / HTTP/1.1" 404 751
0:0:0:0:0:0:0:1 - - [20/Sep/2021:12:56:38 +0530] "GET /DemoApp/home HTTP/1.1" 200 11
127.0.0.1 - - [20/Sep/2021:12:57:36 +0530] "GET / HTTP/1.1" 404 751
127.0.0.1 - - [20/Sep/2021:12:58:52 +0530] "GET / HTTP/1.1" 404 751
0:0:0:0:0:0:0:1 - - [20/Sep/2021:12:58:54 +0530] "GET /DemoApp/home HTTP/1.1" 200 11
0:0:0:0:0:0:0:1 - - [20/Sep/2021:13:03:58 +0530] "GET /DemoApp/home HTTP/1.1" 200 8
127.0.0.1 - - [20/Sep/2021:13:04:08 +0530] "GET / HTTP/1.1" 404 751
0:0:0:0:0:0:0:1 - - [20/Sep/2021:13:04:15 +0530] "GET /DemoApp/home HTTP/1.1" 200 8
0:0:0:0:0:0:0:1 - - [20/Sep/2021:13:04:16 +0530] "GET /DemoApp/home HTTP/1.1" 200 8
0:0:0:0:0:0:0:1 - - [20/Sep/2021:13:04:16 +0530] "GET /DemoApp/home HTTP/1.1" 200 8
0:0:0:0:0:0:0:1 - - [20/Sep/2021:13:04:17 +0530] "GET /DemoApp/home HTTP/1.1" 200 8
0:0:0:0:0:0:0:1 - - [20/Sep/2021:13:04:17 +0530] "GET /DemoApp/home HTTP/1.1" 200 8
127.0.0.1 - - [20/Sep/2021:13:04:58 +0530] "GET / HTTP/1.1" 404 751
0:0:0:0:0:0:0:1 - - [20/Sep/2021:13:05:00 +0530] "GET /DemoApp/home HTTP/1.1" 200 10
127.0.0.1 - - [20/Sep/2021:14:39:04 +0530] "GET / HTTP/1.1" 404 751
0:0:0:0:0:0:0:1 - - [20/Sep/2021:14:39:15 +0530] "GET /DemoApp/ HTTP/1.1" 200 299
0:0:0:0:0:0:0:1 - - [20/Sep/2021:14:39:20 +0530] "GET /DemoApp/add?num1=5&num2=5 HTTP/1.1" 302 -
0:0:0:0:0:0:0:1 - - [20/Sep/2021:14:39:20 +0530] "GET /DemoApp/sq HTTP/1.1" 200 17
127.0.0.1 - - [20/Sep/2021:14:49:20 +0530] "GET / HTTP/1.1" 404 751
0:0:0:0:0:0:0:1 - - [20/Sep/2021:14:49:25 +0530] "GET /DemoApp/ HTTP/1.1" 200 299
0:0:0:0:0:0:0:1 - - [20/Sep/2021:14:49:33 +0530] "GET /DemoApp/add?num1=5&num2=3 HTTP/1.1" 200 54
127.0.0.1 - - [20/Sep/2021:14:53:20 +0530] "GET / HTTP/1.1" 404 751
0:0:0:0:0:0:0:1 - - [20/Sep/2021:14:53:25 +0530] "GET /DemoApp/add?num1=5&num2=3 HTTP/1.1" 200 54
0:0:0:0:0:0:0:1 - - [20/Sep/2021:14:53:42 +0530] "GET /DemoApp/add?num1=5&num2=3 HTTP/1.1" 200 54
0:0:0:0:0:0:0:1 - - [20/Sep/2021:14:53:45 +0530] "GET /DemoApp/add?num1=5&num2=3 HTTP/1.1" 200 54
127.0.0.1 - - [20/Sep/2021:14:53:51 +0530] "GET / HTTP/1.1" 404 751
0:0:0:0:0:0:0:1 - - [20/Sep/2021:14:53:52 +0530] "GET /DemoApp/add?num1=5&num2=3 HTTP/1.1" 200 54
0:0:0:0:0:0:0:1 - - [20/Sep/2021:14:54:57 +0530] "GET /DemoApp/ HTTP/1.1" 200 303
0:0:0:0:0:0:0:1 - - [20/Sep/2021:14:54:58 +0530] "GET /DemoApp/ HTTP/1.1" 200 303
0:0:0:0:0:0:0:1 - - [20/Sep/2021:14:54:59 +0530] "GET /DemoApp/add.jsp?num1=&num2= HTTP/1.1" 500 2518
127.0.0.1 - - [20/Sep/2021:14:55:08 +0530] "GET / HTTP/1.1" 404 751
0:0:0:0:0:0:0:1 - - [20/Sep/2021:14:55:14 +0530] "GET /DemoApp/add.jsp?num1=5&num2=2 HTTP/1.1" 200 145
0:0:0:0:0:0:0:1 - - [20/Sep/2021:15:25:58 +0530] "GET /DemoApp/home HTTP/1.1" 404 767
127.0.0.1 - - [20/Sep/2021:15:26:06 +0530] "GET / HTTP/1.1" 404 751
0:0:0:0:0:0:0:1 - - [20/Sep/2021:15:26:09 +0530] "GET /DemoApp/home HTTP/1.1" 404 767
0:0:0:0:0:0:0:1 - - [20/Sep/2021:15:26:09 +0530] "GET /DemoApp/home HTTP/1.1" 404 767
0:0:0:0:0:0:0:1 - - [20/Sep/2021:15:26:11 +0530] "GET /DemoApp/home HTTP/1.1" 404 767
0:0:0:0:0:0:0:1 - - [20/Sep/2021:15:26:12 +0530] "GET /DemoApp/home HTTP/1.1" 404 767
0:0:0:0:0:0:0:1 - - [20/Sep/2021:15:26:12 +0530] "GET /DemoApp/home HTTP/1.1" 404 767
0:0:0:0:0:0:0:1 - - [20/Sep/2021:15:26:12 +0530] "GET /DemoApp/home HTTP/1.1" 404 767
0:0:0:0:0:0:0:1 - - [20/Sep/2021:15:26:18 +0530] "GET /DemoApp/home.jsp HTTP/1.1" 200 176
127.0.0.1 - - [20/Sep/2021:15:34:22 +0530] "GET / HTTP/1.1" 404 751
0:0:0:0:0:0:0:1 - - [20/Sep/2021:15:34:34 +0530] "GET /DemoApp/home.jsp HTTP/1.1" 200 304
0:0:0:0:0:0:0:1 - - [20/Sep/2021:15:34:35 +0530] "GET /DemoApp/home.jsp HTTP/1.1" 200 304
127.0.0.1 - - [20/Sep/2021:16:04:45 +0530] "GET / HTTP/1.1" 404 751
0:0:0:0:0:0:0:1 - - [20/Sep/2021:16:04:52 +0530] "GET /DemoApp/home.jsp HTTP/1.1" 500 2581
0:0:0:0:0:0:0:1 - - [20/Sep/2021:16:04:59 +0530] "GET /DemoApp/home.jsp HTTP/1.1" 500 2581
0:0:0:0:0:0:0:1 - - [20/Sep/2021:16:04:59 +0530] "GET /DemoApp/home.jsp HTTP/1.1" 500 2164
0:0:0:0:0:0:0:1 - - [20/Sep/2021:16:04:59 +0530] "GET /DemoApp/home.jsp HTTP/1.1" 500 2164
0:0:0:0:0:0:0:1 - - [20/Sep/2021:16:05:00 +0530] "GET /DemoApp/home.jsp HTTP/1.1" 500 2164
127.0.0.1 - - [20/Sep/2021:16:05:45 +0530] "GET / HTTP/1.1" 404 751
0:0:0:0:0:0:0:1 - - [20/Sep/2021:16:05:47 +0530] "GET /DemoApp/home.jsp HTTP/1.1" 500 2581
0:0:0:0:0:0:0:1 - - [20/Sep/2021:16:05:48 +0530] "GET /DemoApp/home.jsp HTTP/1.1" 500 2164
0:0:0:0:0:0:0:1 - - [20/Sep/2021:16:05:49 +0530] "GET /DemoApp/home.jsp HTTP/1.1" 500 2164
0:0:0:0:0:0:0:1 - - [20/Sep/2021:16:05:50 +0530] "GET /DemoApp/home.jsp HTTP/1.1" 500 2164
127.0.0.1 - - [20/Sep/2021:16:06:29 +0530] "GET / HTTP/1.1" 404 751
0:0:0:0:0:0:0:1 - - [20/Sep/2021:16:06:32 +0530] "GET /DemoApp/home.jsp HTTP/1.1" 500 2581
0:0:0:0:0:0:0:1 - - [20/Sep/2021:16:06:33 +0530] "GET /DemoApp/home.jsp HTTP/1.1" 500 2164
0:0:0:0:0:0:0:1 - - [20/Sep/2021:16:06:34 +0530] "GET /DemoApp/home.jsp HTTP/1.1" 500 2164
0:0:0:0:0:0:0:1 - - [20/Sep/2021:16:06:34 +0530] "GET /DemoApp/home.jsp HTTP/1.1" 500 2164
0:0:0:0:0:0:0:1 - - [20/Sep/2021:16:06:34 +0530] "GET /DemoApp/home.jsp HTTP/1.1" 500 2164
0:0:0:0:0:0:0:1 - - [20/Sep/2021:16:06:34 +0530] "GET /DemoApp/home.jsp HTTP/1.1" 500 2164
0:0:0:0:0:0:0:1 - - [20/Sep/2021:16:08:20 +0530] "GET /DemoApp/home.jsp HTTP/1.1" 500 2581
127.0.0.1 - - [20/Sep/2021:16:08:27 +0530] "GET / HTTP/1.1" 404 751
0:0:0:0:0:0:0:1 - - [20/Sep/2021:16:08:29 +0530] "GET /DemoApp/home.jsp HTTP/1.1" 500 2581
0:0:0:0:0:0:0:1 - - [20/Sep/2021:16:08:29 +0530] "GET /DemoApp/home.jsp HTTP/1.1" 500 2164
0:0:0:0:0:0:0:1 - - [20/Sep/2021:16:08:30 +0530] "GET /DemoApp/home.jsp HTTP/1.1" 500 2164
0:0:0:0:0:0:0:1 - - [20/Sep/2021:16:08:30 +0530] "GET /DemoApp/home.jsp HTTP/1.1" 500 2164
0:0:0:0:0:0:0:1 - - [20/Sep/2021:16:08:30 +0530] "GET /DemoApp/home.jsp HTTP/1.1" 500 2164
0:0:0:0:0:0:0:1 - - [20/Sep/2021:16:08:30 +0530] "GET /DemoApp/home.jsp HTTP/1.1" 500 2164
0:0:0:0:0:0:0:1 - - [20/Sep/2021:16:08:30 +0530] "GET /DemoApp/home.jsp HTTP/1.1" 500 2164
0:0:0:0:0:0:0:1 - - [20/Sep/2021:16:08:30 +0530] "GET /DemoApp/home.jsp HTTP/1.1" 500 2164
0:0:0:0:0:0:0:1 - - [20/Sep/2021:16:08:36 +0530] "GET /DemoApp/home.jsp HTTP/1.1" 500 2581
127.0.0.1 - - [20/Sep/2021:16:08:53 +0530] "GET / HTTP/1.1" 404 751
0:0:0:0:0:0:0:1 - - [20/Sep/2021:16:09:03 +0530] "GET /DemoApp/home.jsp HTTP/1.1" 200 310
127.0.0.1 - - [20/Sep/2021:16:10:25 +0530] "GET / HTTP/1.1" 404 751
0:0:0:0:0:0:0:1 - - [20/Sep/2021:16:10:31 +0530] "GET /DemoApp/home.jsp HTTP/1.1" 200 146
0:0:0:0:0:0:0:1 - - [20/Sep/2021:16:14:01 +0530] "GET /DemoApp/home.jsp HTTP/1.1" 500 152
0:0:0:0:0:0:0:1 - - [20/Sep/2021:16:14:05 +0530] "GET /DemoApp/home HTTP/1.1" 404 767
0:0:0:0:0:0:0:1 - - [20/Sep/2021:16:14:06 +0530] "GET /DemoApp/home HTTP/1.1" 404 767
0:0:0:0:0:0:0:1 - - [20/Sep/2021:16:14:07 +0530] "GET /DemoApp/home HTTP/1.1" 404 767
0:0:0:0:0:0:0:1 - - [20/Sep/2021:16:14:07 +0530] "GET /DemoApp/home HTTP/1.1" 404 767
0:0:0:0:0:0:0:1 - - [20/Sep/2021:16:14:07 +0530] "GET /DemoApp/home HTTP/1.1" 404 767
0:0:0:0:0:0:0:1 - - [20/Sep/2021:16:14:07 +0530] "GET /DemoApp/home HTTP/1.1" 404 767
0:0:0:0:0:0:0:1 - - [20/Sep/2021:16:14:10 +0530] "GET /DemoApp/home.jsp HTTP/1.1" 500 152
127.0.0.1 - - [20/Sep/2021:16:20:35 +0530] "GET / HTTP/1.1" 404 751
0:0:0:0:0:0:0:1 - - [20/Sep/2021:16:20:53 +0530] "GET /DemoJSP/profile.jsp HTTP/1.1" 200 148
127.0.0.1 - - [20/Sep/2021:16:32:19 +0530] "GET / HTTP/1.1" 404 751
0:0:0:0:0:0:0:1 - - [20/Sep/2021:16:32:25 +0530] "GET /DemoJSP/profile.jsp HTTP/1.1" 200 216
